Microchip MPLAB XC8 Compiler V2.32

Linker command line:

-W-3 --edf=/opt/microchip/xc8/v2.32/pic/dat/en_msgs.txt -cn \
  -h+dist/default/debug/lab1.X.debug.sym \
  --cmf=dist/default/debug/lab1.X.debug.cmf -z -Q18F25K50 -o/tmp/xcXCCEdlE \
  --defsym=__MPLAB_BUILD=1 -Mdist/default/debug/lab1.X.debug.map -E1 \
  -ver=XC8 Compiler --acfsm=1493 -ASTACK=060h-07FFh -pstack=STACK \
  -ACODE=01000h-07FFFh -ACONST=01000h-07FFFh -ASMALLCONST=01000h-010FFhx112 \
  -AMEDIUMCONST=01000h-07FFFh -ACOMRAM=01h-05Fh -AABS1=00h-07FFh \
  -ABIGRAM=01h-07FFh -ARAM=060h-0FFh,0100h-01FFhx7 -ABANK0=060h-0FFh \
  -ABANK1=0100h-01FFh -ABANK2=0200h-02FFh -ABANK3=0300h-03FFh \
  -ABANK4=0400h-04FFh -ABANK5=0500h-05FFh -ABANK6=0600h-06FFh \
  -ABANK7=0700h-07FFh -ASFR=0F53h-0F5Fh,0F60h-0FFFh \
  -ACONFIG=0300000h-030000Dh -AIDLOC=0200000h-0200007h \
  -AEEDATA=0F00000h-0F000FFh -peeprom_data=EEDATA \
  -preset_vec=01000h,intcode,intcodelo,powerup,init -pramtop=0800h \
  -psmallconst=SMALLCONST -pmediumconst=MEDIUMCONST -pconst=CONST \
  -AFARRAM=00h-00h \
  -prdata=COMRAM,nvrram=COMRAM,nvbit=COMRAM,rbss=COMRAM,rbit=COMRAM \
  -pfarbss=FARRAM,fardata=FARRAM,nvFARRAM=FARRAM \
  -pintsave_regs=BIGRAM,bigbss=BIGRAM,bigdata=BIGRAM -pbss=RAM \
  -pidata=CODE,irdata=CODE,ibigdata=CODE,ifardata=CODE -prparam=COMRAM \
  /tmp/xcXIaNkGp.o dist/default/debug/lab1.X.debug.o 

Object code version is 3.11

Machine type is 18F25K50



                Name                               Link     Load   Length Selector   Space Scale
/tmp/xcXIaNkGp.o
                init                               1000     1000        4      800       0
dist/default/debug/lab1.X.debug.o
                mediumconst                        7DFE     7DFE      202     3EFF       0
                text1                              7D14     7D14       38     3E8A       0
                text0                              7D4C     7D4C       B2     3EA6       0
                cstackCOMRAM                          1        1        D        1       1
                bssCOMRAM                             E        E        8        1       1
                cinit                              7CFE     7CFE       16     3E7F       0

TOTAL           Name                               Link     Load   Length     Space
        CLASS   STACK          

        CLASS   CODE           
                init                               1000     1000        4         0
                text1                              7D14     7D14       38         0
                text0                              7D4C     7D4C       B2         0
                cinit                              7CFE     7CFE       16         0

        CLASS   CONST          

        CLASS   SMALLCONST     

        CLASS   MEDIUMCONST    
                mediumconst                        7DFE     7DFE      202         0

        CLASS   COMRAM         
                cstackCOMRAM                          1        1        D         1
                bssCOMRAM                             E        E        8         1

        CLASS   ABS1           

        CLASS   BIGRAM         

        CLASS   RAM            

        CLASS   BANK0          

        CLASS   BANK1          

        CLASS   BANK2          

        CLASS   BANK3          

        CLASS   BANK4          

        CLASS   BANK5          

        CLASS   BANK6          

        CLASS   BANK7          

        CLASS   SFR            

        CLASS   CONFIG         

        CLASS   IDLOC          

        CLASS   EEDATA         

        CLASS   FARRAM         



SEGMENTS        Name                           Load    Length   Top    Selector   Space  Class

                cstackCOMRAM                   000001  000015  000016         1       1  COMRAM  
                text0                          007D4C  0000B2  007DFE      3EA6       0  CODE    
                cinit                          007CFE  000016  007D14      3E7F       0  CODE    
                text1                          007D14  000038  007D4C      3E8A       0  CODE    
                mediumconst                    007DFE  000202  008000      3EFF       0  MEDIUMCO
                reset_vec                      001000  000004  001004       800       0  CODE    


UNUSED ADDRESS RANGES

        Name                Unused          Largest block    Delta
        BANK0            0060-00FF             A0
        BANK1            0100-01FF            100
        BANK2            0200-02FF            100
        BANK3            0300-03FF            100
        BANK4            0400-04FF            100
        BANK5            0500-05FF            100
        BANK6            0600-06FF            100
        BANK7            0700-07FF            100
        BIGRAM           0016-07FF            7EA
        CODE             1004-7CFD           6CFA
        COMRAM           0016-005F             4A
        CONFIG           300000-30000D              E
        CONST            1004-7CFD           6CFA
        EEDATA           F00000-F000FF            100
        FARRAM           0000-0000              1
        IDLOC            200000-200007              8
        MEDIUMCONST      1004-7CFD           6CFA
        RAM              0060-07FF            100
        SFR              0F53-0FFF              D
        SMALLCONST       1004-7CFD            100
        STACK            0060-07FF            7A0

                                  Symbol Table

_ACTCON                  (abs)        0FB5
_ADCON1                  (abs)        0FC1
_ANSELA                  (abs)        0F5B
_CM1CON0                 (abs)        0F98
_LATA                    (abs)        0F89
_LATB                    (abs)        0F8A
_LATC                    (abs)        0F8B
_OSCCON                  (abs)        0FD3
_OSCCON2                 (abs)        0FD2
_OSCTUNE                 (abs)        0F9B
_TRISA                   (abs)        0F92
_TRISB                   (abs)        0F93
_TRISC                   (abs)        0F94
__HRAM                   (abs)        0000
__Habs1                  abs1         0000
__Hbank0                 bank0        0000
__Hbank1                 bank1        0000
__Hbank2                 bank2        0000
__Hbank3                 bank3        0000
__Hbank4                 bank4        0000
__Hbank5                 bank5        0000
__Hbank6                 bank6        0000
__Hbank7                 bank7        0000
__Hbigbss                bigbss       0000
__Hbigdata               bigdata      0000
__Hbigram                bigram       0000
__Hbss                   bss          0000
__HbssCOMRAM             bssCOMRAM    0000
__Hcinit                 cinit        0000
__Hclrtext               clrtext      0000
__Hcomram                comram       0000
__Hconfig                config       0000
__Hconst                 const        0000
__HcstackCOMRAM          cstackCOMRAM 0000
__Hdata                  data         0000
__Heeprom_data           eeprom_data  0000
__Hfarbss                farbss       0000
__Hfardata               fardata      0000
__Hibigdata              ibigdata     0000
__Hidata                 idata        0000
__Hidloc                 idloc        0000
__Hifardata              ifardata     0000
__Hinit                  init         1004
__Hintcode               intcode      1000
__Hintcode_body          intcode_body 0000
__Hintcodelo             intcodelo    1000
__Hintentry              intentry     0000
__Hintret                intret       0000
__Hintsave_regs          intsave_regs 0000
__Hirdata                irdata       0000
__Hmediumconst           mediumconst  8000
__HnvFARRAM              nvFARRAM     0000
__Hnvbit                 nvbit        0000
__Hnvrram                nvrram       0000
__Hparam                 rparam       0000
__Hpowerup               powerup      1000
__Hram                   ram          0000
__Hramtop                ramtop       0800
__Hrbit                  rbit         0000
__Hrbss                  rbss         0000
__Hrdata                 rdata        0000
__Hreset_vec             reset_vec    1000
__Hrparam                rparam       0000
__Hsfr                   sfr          0000
__Hsmallconst            smallconst   0000
__Hspace_0               (abs)        8000
__Hspace_1               (abs)        0016
__Hspace_2               (abs)        0000
__Hspace_4               (abs)        0000
__Hstack                 stack        0000
__Hstruct                struct       0000
__Htemp                  temp         0000
__Htext                  text         0000
__Htext0                 text0        0000
__Htext1                 text1        0000
__LRAM                   (abs)        0001
__Labs1                  abs1         0000
__Lbank0                 bank0        0000
__Lbank1                 bank1        0000
__Lbank2                 bank2        0000
__Lbank3                 bank3        0000
__Lbank4                 bank4        0000
__Lbank5                 bank5        0000
__Lbank6                 bank6        0000
__Lbank7                 bank7        0000
__Lbigbss                bigbss       0000
__Lbigdata               bigdata      0000
__Lbigram                bigram       0000
__Lbss                   bss          0000
__LbssCOMRAM             bssCOMRAM    0000
__Lcinit                 cinit        0000
__Lclrtext               clrtext      0000
__Lcomram                comram       0000
__Lconfig                config       0000
__Lconst                 const        0000
__LcstackCOMRAM          cstackCOMRAM 0000
__Ldata                  data         0000
__Leeprom_data           eeprom_data  0000
__Lfarbss                farbss       0000
__Lfardata               fardata      0000
__Libigdata              ibigdata     0000
__Lidata                 idata        0000
__Lidloc                 idloc        0000
__Lifardata              ifardata     0000
__Linit                  init         1000
__Lintcode               intcode      1000
__Lintcode_body          intcode_body 0000
__Lintcodelo             intcodelo    1000
__Lintentry              intentry     0000
__Lintret                intret       0000
__Lintsave_regs          intsave_regs 0000
__Lirdata                irdata       0000
__Lmediumconst           mediumconst  7DFE
__LnvFARRAM              nvFARRAM     0000
__Lnvbit                 nvbit        0000
__Lnvrram                nvrram       0000
__Lparam                 rparam       0000
__Lpowerup               powerup      1000
__Lram                   ram          0000
__Lramtop                ramtop       0800
__Lrbit                  rbit         0000
__Lrbss                  rbss         0000
__Lrdata                 rdata        0000
__Lreset_vec             reset_vec    1000
__Lrparam                rparam       0000
__Lsfr                   sfr          0000
__Lsmallconst            smallconst   0000
__Lspace_0               (abs)        0000
__Lspace_1               (abs)        0000
__Lspace_2               (abs)        0000
__Lspace_4               (abs)        0000
__Lstack                 stack        0000
__Lstruct                struct       0000
__Ltemp                  temp         0000
__Ltext                  text         0000
__Ltext0                 text0        0000
__Ltext1                 text1        0000
__S0                     (abs)        8000
__S1                     (abs)        0016
__S2                     (abs)        0000
__S4                     (abs)        0000
__S5                     (abs)        0000
___inthi_sp              stack        0000
___intlo_sp              stack        0000
___param_bank            (abs)        0000
___rparam_used           (abs)        0001
___sp                    stack        0000
__accesstop              (abs)        0060
__activetblptr           (abs)        0002
__end_of__initialization cinit        7D0A
__end_of_data            mediumconst  7FFF
__end_of_initChip        text1        7D4C
__end_of_main            text0        7DFE
__initialization         cinit        7CFE
__mediumconst            mediumconst  7DFE
__pbssCOMRAM             bssCOMRAM    000E
__pcinit                 cinit        7CFE
__pcstackCOMRAM          cstackCOMRAM 0001
__pmediumconst           mediumconst  7DFE
__ptext0                 text0        7D4C
__ptext1                 text1        7D14
__ramtop                 ramtop       0800
__size_of_initChip       (abs)        0000
__size_of_main           (abs)        0000
__smallconst             smallconst   0000
_data                    mediumconst  7DFF
_initChip                text1        7D14
_main                    text0        7D4C
end_of_initialization    cinit        7D0A
intlevel0                text         0000
intlevel1                text         0000
intlevel2                text         0000
intlevel3                text         0000
isa$std                  (abs)        0001
isa$xinst                (abs)        0000
main@average             cstackCOMRAM 0009
main@counter             cstackCOMRAM 000A
main@dataQueu            cstackCOMRAM 0001
main@i                   cstackCOMRAM 000D
main@lastIndex           cstackCOMRAM 000C
stackhi                  (abs)        07FF
stacklo                  (abs)        0060
start                    init         1000
start_initialization     cinit        7CFE


MODULE INFORMATION

Module		Function		Class		Link	Load	Size
mainL1.c
		_main          		CODE           	7D4C	0000	178
		_initChip      		CODE           	7D14	0000	56

mainL1.c estimated size: 234

shared
		__initialization		CODE           	7CFE	0000	12
		_data          		MEDIUMCONST    	7DFF	0000	512

shared estimated size: 524

